<?xml version="1.0" encoding="UTF-8"?><permutations>
<permutation name="311B09A14FD4A60AB50B257236366CE5">
<mgwt.os>android</mgwt.os>
<mgwt.density>mid</mgwt.density>
<mgwt.formfactor>phone</mgwt.formfactor>
</permutation>
<permutation name="79A2EF8BC3DAAA7B10ADB764D6AE32A5">
<mgwt.formfactor>desktop</mgwt.formfactor>
<mgwt.os>android</mgwt.os>
<mgwt.density>high</mgwt.density>
</permutation>
<permutation name="35E83BAFF785D3EEA05EA3450DDDB686">
<mgwt.formfactor>desktop</mgwt.formfactor>
<mgwt.density>xhigh</mgwt.density>
<mgwt.os>ios</mgwt.os>
</permutation>
<permutation name="8B08F0EDDF1B1A2747E41039D27F7164">
<mgwt.os>android</mgwt.os>
<mgwt.formfactor>phone</mgwt.formfactor>
<mgwt.density>high</mgwt.density>
</permutation>
<permutation name="AE3ADBA9FCBEB89DD5391BB5B5A5214F">
<mgwt.formfactor>desktop</mgwt.formfactor>
<mgwt.os>android</mgwt.os>
<mgwt.density>xhigh</mgwt.density>
</permutation>
<permutation name="B2041725D0CEDE44E179F9CB8CBE482C">
<mgwt.os>android</mgwt.os>
<mgwt.formfactor>tablet</mgwt.formfactor>
<mgwt.density>xhigh</mgwt.density>
</permutation>
<permutation name="FED68671B7F2DD2B4024BFA223E5F124">
<mgwt.os>android</mgwt.os>
<mgwt.formfactor>tablet</mgwt.formfactor>
<mgwt.density>high</mgwt.density>
</permutation>
<permutation name="0B39C9262C22296C57C0A711086E0A11">
<mgwt.formfactor>desktop</mgwt.formfactor>
<mgwt.density>high</mgwt.density>
<mgwt.os>ios</mgwt.os>
</permutation>
<permutation name="8CDD8FE3C6E3AB7296DD997E52093764">
<mgwt.formfactor>desktop</mgwt.formfactor>
<mgwt.density>mid</mgwt.density>
<mgwt.os>ios</mgwt.os>
</permutation>
<permutation name="98C01659E2173B57CABB7202E8507AB6">
<mgwt.formfactor>tablet</mgwt.formfactor>
<mgwt.density>mid</mgwt.density>
<mgwt.os>ios</mgwt.os>
</permutation>
<permutation name="D656ACE5C165D39722B996D0653125F7">
<mgwt.formfactor>desktop</mgwt.formfactor>
<mgwt.os>android</mgwt.os>
<mgwt.density>mid</mgwt.density>
</permutation>
<permutation name="2F4659F401AEC51AA03967DD4BEE9A58">
<mgwt.density>mid</mgwt.density>
<mgwt.formfactor>phone</mgwt.formfactor>
<mgwt.os>ios</mgwt.os>
</permutation>
<permutation name="89A9165DDDD28747D8182955076B52FF">
<mgwt.formfactor>tablet</mgwt.formfactor>
<mgwt.density>high</mgwt.density>
<mgwt.os>ios</mgwt.os>
</permutation>
<permutation name="33BFEB1036E7F87F04E00D95843F5995">
<mgwt.formfactor>phone</mgwt.formfactor>
<mgwt.density>high</mgwt.density>
<mgwt.os>ios</mgwt.os>
</permutation>
<permutation name="3CECE7483AA2B205B8C0D735C5869E26">
<mgwt.formfactor>tablet</mgwt.formfactor>
<mgwt.density>xhigh</mgwt.density>
<mgwt.os>ios</mgwt.os>
</permutation>
<permutation name="CD5739F12309EE5F99722CBC0F10C077">
<mgwt.os>android</mgwt.os>
<mgwt.formfactor>tablet</mgwt.formfactor>
<mgwt.density>mid</mgwt.density>
</permutation>
<permutation name="1EF3ADD6A6893A0EDEFC046B48B02A02">
<mgwt.os>android</mgwt.os>
<mgwt.formfactor>phone</mgwt.formfactor>
<mgwt.density>xhigh</mgwt.density>
</permutation>
<permutation name="E22341596F56C3FE17556696506CE30F">
<mgwt.formfactor>phone</mgwt.formfactor>
<mgwt.density>xhigh</mgwt.density>
<mgwt.os>ios</mgwt.os>
</permutation>
</permutations>
