<?xml version="1.0" encoding="UTF-8"?><permutations>
<permutation name="3A8B4C9219E6484107AC549CA96A239E">
<mgwt.formfactor>desktop</mgwt.formfactor>
<mgwt.os>android</mgwt.os>
<mgwt.density>high</mgwt.density>
</permutation>
<permutation name="626E0DAFF4D6715184255FB624113062">
<mgwt.formfactor>desktop</mgwt.formfactor>
<mgwt.os>android</mgwt.os>
<mgwt.density>mid</mgwt.density>
</permutation>
<permutation name="A6EDBDC80151F2EC35A5E983A5DDD456">
<mgwt.density>mid</mgwt.density>
<mgwt.formfactor>phone</mgwt.formfactor>
<mgwt.os>ios</mgwt.os>
</permutation>
<permutation name="FBFE98A8F07A17B7C4A6FD685667F2F6">
<mgwt.formfactor>tablet</mgwt.formfactor>
<mgwt.density>high</mgwt.density>
<mgwt.os>ios</mgwt.os>
</permutation>
<permutation name="9D96EF5C04375BB82B2800C0F9317152">
<mgwt.os>android</mgwt.os>
<mgwt.formfactor>tablet</mgwt.formfactor>
<mgwt.density>mid</mgwt.density>
</permutation>
<permutation name="07188CB9391AFE5A07A67037525FC7D8">
<mgwt.formfactor>desktop</mgwt.formfactor>
<mgwt.density>high</mgwt.density>
<mgwt.os>ios</mgwt.os>
</permutation>
<permutation name="6C00C136D2685DE1B0C4CB651EB1E5C3">
<mgwt.formfactor>desktop</mgwt.formfactor>
<mgwt.density>mid</mgwt.density>
<mgwt.os>ios</mgwt.os>
</permutation>
<permutation name="CCBF5E9F0F03D4AC9AA863477E06F0F0">
<mgwt.formfactor>desktop</mgwt.formfactor>
<mgwt.density>xhigh</mgwt.density>
<mgwt.os>ios</mgwt.os>
</permutation>
<permutation name="648E771C9008000C56539AD3E97EA6E4">
<mgwt.os>android</mgwt.os>
<mgwt.formfactor>tablet</mgwt.formfactor>
<mgwt.density>high</mgwt.density>
</permutation>
<permutation name="2B3C75B51A71EC56CDDA870758147F24">
<mgwt.formfactor>tablet</mgwt.formfactor>
<mgwt.density>xhigh</mgwt.density>
<mgwt.os>ios</mgwt.os>
</permutation>
<permutation name="F5B7F332E85586A2519F8657E1B4A7C8">
<mgwt.formfactor>phone</mgwt.formfactor>
<mgwt.density>xhigh</mgwt.density>
<mgwt.os>ios</mgwt.os>
</permutation>
<permutation name="62984D976EEF8B40B11305AACAC18376">
<mgwt.os>android</mgwt.os>
<mgwt.density>mid</mgwt.density>
<mgwt.formfactor>phone</mgwt.formfactor>
</permutation>
<permutation name="339CBEA083255C9B140272FD5B372632">
<mgwt.os>android</mgwt.os>
<mgwt.formfactor>phone</mgwt.formfactor>
<mgwt.density>xhigh</mgwt.density>
</permutation>
<permutation name="D8FA5AB119F3464E5091F48F54EEFB69">
<mgwt.formfactor>desktop</mgwt.formfactor>
<mgwt.os>android</mgwt.os>
<mgwt.density>xhigh</mgwt.density>
</permutation>
<permutation name="27C965DA30064486104F94EFE911AC82">
<mgwt.os>android</mgwt.os>
<mgwt.formfactor>phone</mgwt.formfactor>
<mgwt.density>high</mgwt.density>
</permutation>
<permutation name="6028DC63C20B925A09B304F614BCE2A2">
<mgwt.formfactor>tablet</mgwt.formfactor>
<mgwt.density>mid</mgwt.density>
<mgwt.os>ios</mgwt.os>
</permutation>
<permutation name="7F548F1A2338ED2D66579033EBF5F626">
<mgwt.formfactor>phone</mgwt.formfactor>
<mgwt.density>high</mgwt.density>
<mgwt.os>ios</mgwt.os>
</permutation>
<permutation name="A69C6C45319EABD636018637B2EEC771">
<mgwt.os>android</mgwt.os>
<mgwt.formfactor>tablet</mgwt.formfactor>
<mgwt.density>xhigh</mgwt.density>
</permutation>
</permutations>
