<?xml version="1.0" encoding="UTF-8"?><permutations>
<permutation name="F3C90F0FC7BAE9382DF4CCF4A9388D0E">
<mgwt.density>mid</mgwt.density>
<mgwt.formfactor>phone</mgwt.formfactor>
<mgwt.os>ios</mgwt.os>
</permutation>
<permutation name="02F54428DEC1BD587C511A2B36A35634">
<mgwt.os>android</mgwt.os>
<mgwt.formfactor>phone</mgwt.formfactor>
<mgwt.density>high</mgwt.density>
</permutation>
<permutation name="34B90A091F8CAA4293473E7D3D287E30">
<mgwt.formfactor>desktop</mgwt.formfactor>
<mgwt.density>xhigh</mgwt.density>
<mgwt.os>ios</mgwt.os>
</permutation>
<permutation name="22B9A4598041F3BF50E64CA6FC47A64C">
<mgwt.os>android</mgwt.os>
<mgwt.formfactor>tablet</mgwt.formfactor>
<mgwt.density>high</mgwt.density>
</permutation>
<permutation name="CEE8F9075AE2CA8539D4E4CA33FF8FD7">
<mgwt.formfactor>phone</mgwt.formfactor>
<mgwt.density>xhigh</mgwt.density>
<mgwt.os>ios</mgwt.os>
</permutation>
<permutation name="20A6757F8ACBC7BC2CC8EB40986C5F1F">
<mgwt.os>android</mgwt.os>
<mgwt.density>mid</mgwt.density>
<mgwt.formfactor>phone</mgwt.formfactor>
</permutation>
<permutation name="0E2288324FCE3CFB414F964F48276EB9">
<mgwt.formfactor>tablet</mgwt.formfactor>
<mgwt.density>mid</mgwt.density>
<mgwt.os>ios</mgwt.os>
</permutation>
<permutation name="29999337BD69D81D05CBEBB1EA91FAE2">
<mgwt.formfactor>desktop</mgwt.formfactor>
<mgwt.os>android</mgwt.os>
<mgwt.density>xhigh</mgwt.density>
</permutation>
<permutation name="2DD35855E13F57B6F4AA4FECAA11E307">
<mgwt.formfactor>phone</mgwt.formfactor>
<mgwt.density>high</mgwt.density>
<mgwt.os>ios</mgwt.os>
</permutation>
<permutation name="1BF241E4D29A5522DC3E30023AC8D39B">
<mgwt.formfactor>tablet</mgwt.formfactor>
<mgwt.density>xhigh</mgwt.density>
<mgwt.os>ios</mgwt.os>
</permutation>
<permutation name="E642E1FB70E47BBBC3C526D022C45C78">
<mgwt.formfactor>desktop</mgwt.formfactor>
<mgwt.os>android</mgwt.os>
<mgwt.density>mid</mgwt.density>
</permutation>
<permutation name="24CC3FD77D7F1A4D758700784679551E">
<mgwt.formfactor>tablet</mgwt.formfactor>
<mgwt.density>high</mgwt.density>
<mgwt.os>ios</mgwt.os>
</permutation>
<permutation name="13F0C878982B1189A384D7EF4AE1819E">
<mgwt.os>android</mgwt.os>
<mgwt.formfactor>phone</mgwt.formfactor>
<mgwt.density>xhigh</mgwt.density>
</permutation>
<permutation name="B4468D53D7C4A46F5B72AC3AAD10716F">
<mgwt.formfactor>desktop</mgwt.formfactor>
<mgwt.density>mid</mgwt.density>
<mgwt.os>ios</mgwt.os>
</permutation>
<permutation name="0F0748F042585BEC612AFA5AFF885233">
<mgwt.formfactor>desktop</mgwt.formfactor>
<mgwt.density>high</mgwt.density>
<mgwt.os>ios</mgwt.os>
</permutation>
<permutation name="666264413BE607AF68F50B08FC44AB30">
<mgwt.formfactor>desktop</mgwt.formfactor>
<mgwt.os>android</mgwt.os>
<mgwt.density>high</mgwt.density>
</permutation>
<permutation name="211FC97BF063C70A89AC876ABB2F98E5">
<mgwt.os>android</mgwt.os>
<mgwt.formfactor>tablet</mgwt.formfactor>
<mgwt.density>mid</mgwt.density>
</permutation>
<permutation name="C1A117405BFC64EF2E03E5A349EEC037">
<mgwt.os>android</mgwt.os>
<mgwt.formfactor>tablet</mgwt.formfactor>
<mgwt.density>xhigh</mgwt.density>
</permutation>
</permutations>
